// Jest Snapshot v1, https://goo.gl/fbAQLP

exports[`LaunchesSearch When component is rendered should match the snapshot 1`] = `
<div
  className="search"
>
  <input
    name="search"
    onChange={[Function]}
    placeholder="Search..."
    type="text"
  />
</div>
`;
